// Jest Snapshot v1, https://goo.gl/fbAQLP

exports[`Snapshots renders with correct styles 1`] = `
<h1>
  hello world!
</h1>
`;
