// Jest Snapshot v1, https://goo.gl/fbAQLP

exports[`Snapshots renders with correct styles 1`] = `
<h1
  className="float: left;"
>
  hello world
</h1>
`;
